00:00 +0: loading /Volumes/work/tazbeet/test/widget_test.dart                                                                                                                                          00:01 +0: loading /Volumes/work/tazbeet/test/widget_test.dart                                                                                                                                          00:02 +0: loading /Volumes/work/tazbeet/test/widget_test.dart                                                                                                                                          00:03 +0: loading /Volumes/work/tazbeet/test/widget_test.dart                                                                                                                                          00:04 +0: loading /Volumes/work/tazbeet/test/widget_test.dart                                                                                                                                          00:05 +0: loading /Volumes/work/tazbeet/test/widget_test.dart                                                                                                                                          00:06 +0: loading /Volumes/work/tazbeet/test/widget_test.dart                                                                                                                                          00:07 +0: loading /Volumes/work/tazbeet/test/widget_test.dart                                                                                                                                          00:08 +0: loading /Volumes/work/tazbeet/test/widget_test.dart                                                                                                                                          /var/folders/lx/6mjwlxbs31nd3c_m3nbhtqdc0000gn/T/flutter_tools.TNqIjc/flutter_test_listener.0UFlaM/listener.dart:21:21: Error: Undefined name 'main'.
  await Future(test.main);
                    ^^^^
00:09 +0: loading /Volumes/work/tazbeet/test/widget_test.dart                                                                                                                                          00:10 +0: loading /Volumes/work/tazbeet/test/widget_test.dart                                                                                                                                          00:11 +0: loading /Volumes/work/tazbeet/test/widget_test.dart                                                                                                                                          00:12 +0: loading /Volumes/work/tazbeet/test/widget_test.dart                                                                                                                                          00:12 +0 -1: loading /Volumes/work/tazbeet/test/widget_test.dart [E]                                                                                                                                   
  Failed to load "/Volumes/work/tazbeet/test/widget_test.dart":
  Compilation failed for testPath=/Volumes/work/tazbeet/test/widget_test.dart: /var/folders/lx/6mjwlxbs31nd3c_m3nbhtqdc0000gn/T/flutter_tools.TNqIjc/flutter_test_listener.0UFlaM/listener.dart:21:21: Error: Undefined name 'main'.
    await Future(test.main);
                      ^^^^
  .

To run this test again: /Users/ahmed/development/flutter/bin/cache/dart-sdk/bin/dart test /Volumes/work/tazbeet/test/widget_test.dart -p vm --plain-name 'loading /Volumes/work/tazbeet/test/widget_test.dart'
  Error: the Dart compiler exited unexpectedly.
  package:flutter_tools/src/base/common.dart 34:3  throwToolExit
  package:flutter_tools/src/compile.dart 907:11    DefaultResidentCompiler._compile.<fn>
  dart:async/zone.dart 1538:47                     _rootRunUnary
  dart:async/zone.dart 1429:19                     _CustomZone.runUnary
  dart:async/future_impl.dart 951:45               Future._propagateToListeners.handleValueCallback
  dart:async/future_impl.dart 980:13               Future._propagateToListeners
  dart:async/future_impl.dart 865:9                Future._propagateToListeners
  dart:async/future_impl.dart 723:5                Future._completeWithValue
  dart:async/future_impl.dart 807:7                Future._asyncCompleteWithValue.<fn>
  dart:async/zone.dart 1525:13                     _rootRun
  dart:async/zone.dart 1422:19                     _CustomZone.run
  dart:async/zone.dart 1321:7                      _CustomZone.runGuarded
  dart:async/zone.dart 1362:23                     _CustomZone.bindCallbackGuarded.<fn>
  dart:async/schedule_microtask.dart 40:21         _microtaskLoop
  dart:async/schedule_microtask.dart 49:5          _startMicrotaskLoop
  dart:isolate-patch/isolate_patch.dart 127:13     _runPendingImmediateCallback
  dart:isolate-patch/isolate_patch.dart 194:5      _RawReceivePort._handleMessage
  
00:32 +0 -1: loading /Volumes/work/tazbeet/test/calendar_helpers_test.dart                                                                                                                             00:32 +0 -1: /Volumes/work/tazbeet/test/calendar_helpers_test.dart: Calendar Helper Functions Date in range check - task is within day range                                                           00:33 +0 -1: /Volumes/work/tazbeet/test/calendar_helpers_test.dart: Calendar Helper Functions Date in range check - task is within day range                                                           00:33 +1 -1: /Volumes/work/tazbeet/test/calendar_helpers_test.dart: Calendar Helper Functions Date in range check - task is within day range                                                           00:33 +1 -1: /Volumes/work/tazbeet/test/calendar_helpers_test.dart: Calendar Helper Functions Date in range check - task is outside day range                                                          00:33 +2 -1: /Volumes/work/tazbeet/test/calendar_helpers_test.dart: Calendar Helper Functions Date in range check - task is outside day range                                                          00:33 +2 -1: /Volumes/work/tazbeet/test/calendar_helpers_test.dart: Calendar Helper Functions Undated tasks filter                                                                                     00:33 +3 -1: /Volumes/work/tazbeet/test/calendar_helpers_test.dart: Calendar Helper Functions Undated tasks filter                                                                                     00:33 +3 -1: /Volumes/work/tazbeet/test/calendar_helpers_test.dart: Calendar Helper Functions Overdue task detection                                                                                   00:33 +4 -1: /Volumes/work/tazbeet/test/calendar_helpers_test.dart: Calendar Helper Functions Overdue task detection                                                                                   00:33 +4 -1: /Volumes/work/tazbeet/test/calendar_helpers_test.dart: Calendar Helper Functions Completed task is not overdue                                                                            00:33 +5 -1: /Volumes/work/tazbeet/test/calendar_helpers_test.dart: Calendar Helper Functions Completed task is not overdue                                                                            00:33 +5 -1: /Volumes/work/tazbeet/test/calendar_helpers_test.dart: Calendar Helper Functions Tasks with due dates filter                                                                              00:33 +6 -1: /Volumes/work/tazbeet/test/calendar_helpers_test.dart: Calendar Helper Functions Tasks with due dates filter                                                                              00:33 +6 -1: /Volumes/work/tazbeet/test/calendar_helpers_test.dart: Calendar Helper Functions Task count for specific date                                                                             00:33 +7 -1: /Volumes/work/tazbeet/test/calendar_helpers_test.dart: Calendar Helper Functions Task count for specific date                                                                             00:34 +7 -1: /Volumes/work/tazbeet/test/calendar_helpers_test.dart: Calendar Helper Functions Task count for specific date                                                                             00:35 +7 -1: /Volumes/work/tazbeet/test/calendar_helpers_test.dart: Calendar Helper Functions Task count for specific date                                                                             00:35 +7 -1: loading /Volumes/work/tazbeet/test/date_range_test.dart                                                                                                                                   00:35 +7 -1: /Volumes/work/tazbeet/test/date_range_test.dart: dayRange should return start and end of the same day                                                                                     00:35 +8 -1: /Volumes/work/tazbeet/test/date_range_test.dart: dayRange should return start and end of the same day                                                                                     00:35 +8 -1: /Volumes/work/tazbeet/test/date_range_test.dart: dayRange should handle midnight correctly                                                                                                00:35 +9 -1: /Volumes/work/tazbeet/test/date_range_test.dart: dayRange should handle midnight correctly                                                                                                00:35 +9 -1: /Volumes/work/tazbeet/test/date_range_test.dart: dayRange should handle end of day correctly                                                                                              00:35 +10 -1: /Volumes/work/tazbeet/test/date_range_test.dart: dayRange should handle end of day correctly                                                                                             00:35 +10 -1: /Volumes/work/tazbeet/test/date_range_test.dart: dayRange should handle end of month correctly                                                                                           00:35 +11 -1: /Volumes/work/tazbeet/test/date_range_test.dart: dayRange should handle end of month correctly                                                                                           00:35 +11 -1: /Volumes/work/tazbeet/test/date_range_test.dart: dayRange should handle end of year correctly                                                                                            00:35 +12 -1: /Volumes/work/tazbeet/test/date_range_test.dart: dayRange should handle end of year correctly                                                                                            00:35 +12 -1: /Volumes/work/tazbeet/test/date_range_test.dart: dayRange should handle leap year correctly                                                                                              00:35 +13 -1: /Volumes/work/tazbeet/test/date_range_test.dart: dayRange should handle leap year correctly                                                                                              00:35 +13 -1: /Volumes/work/tazbeet/test/date_range_test.dart: dayRange range should span exactly 24 hours                                                                                             00:35 +14 -1: /Volumes/work/tazbeet/test/date_range_test.dart: dayRange range should span exactly 24 hours                                                                                             00:36 +14 -1: /Volumes/work/tazbeet/test/date_range_test.dart: dayRange range should span exactly 24 hours                                                                                             00:37 +14 -1: /Volumes/work/tazbeet/test/date_range_test.dart: dayRange range should span exactly 24 hours                                                                                             00:38 +14 -1: /Volumes/work/tazbeet/test/date_range_test.dart: dayRange range should span exactly 24 hours                                                                                             00:39 +14 -1: /Volumes/work/tazbeet/test/date_range_test.dart: dayRange range should span exactly 24 hours                                                                                             00:40 +14 -1: /Volumes/work/tazbeet/test/date_range_test.dart: dayRange range should span exactly 24 hours                                                                                             00:41 +14 -1: /Volumes/work/tazbeet/test/date_range_test.dart: dayRange range should span exactly 24 hours                                                                                             00:42 +14 -1: /Volumes/work/tazbeet/test/date_range_test.dart: dayRange range should span exactly 24 hours                                                                                             00:43 +14 -1: /Volumes/work/tazbeet/test/date_range_test.dart: dayRange range should span exactly 24 hours                                                                                             00:44 +14 -1: /Volumes/work/tazbeet/test/date_range_test.dart: dayRange range should span exactly 24 hours                                                                                             00:45 +14 -1: /Volumes/work/tazbeet/test/date_range_test.dart: dayRange range should span exactly 24 hours                                                                                             00:46 +14 -1: /Volumes/work/tazbeet/test/date_range_test.dart: dayRange range should span exactly 24 hours                                                                                             00:46 +14 -1: loading /Volumes/work/tazbeet/test/home_screen_controller_test.dart                                                                                                                      00:46 +14 -1: /Volumes/work/tazbeet/test/home_screen_controller_test.dart: HomeScreenController should initialize with null date and category, showCalendar true                                       00:47 +14 -2: /Volumes/work/tazbeet/test/home_screen_controller_test.dart: HomeScreenController should initialize with null date and category, showCalendar true                                       00:47 +14 -2: /Volumes/work/tazbeet/test/home_screen_controller_test.dart: HomeScreenController should initialize with null date and category, showCalendar true [E]                                   
  Expected: true
    Actual: <false>
  
  package:matcher                                     expect
  package:flutter_test/src/widget_tester.dart 474:18  expect
  test/home_screen_controller_test.dart 19:7          main.<fn>.<fn>
  

To run this test again: /Users/ahmed/development/flutter/bin/cache/dart-sdk/bin/dart test /Volumes/work/tazbeet/test/home_screen_controller_test.dart -p vm --plain-name 'HomeScreenController should initialize with null date and category, showCalendar true'
00:47 +14 -2: /Volumes/work/tazbeet/test/home_screen_controller_test.dart: HomeScreenController setDate should update selectedDate                                                                     00:47 +15 -2: /Volumes/work/tazbeet/test/home_screen_controller_test.dart: HomeScreenController setDate should update selectedDate                                                                     00:47 +15 -2: /Volumes/work/tazbeet/test/home_screen_controller_test.dart: HomeScreenController clearDate should set selectedDate to null                                                              00:47 +16 -2: /Volumes/work/tazbeet/test/home_screen_controller_test.dart: HomeScreenController clearDate should set selectedDate to null                                                              00:47 +16 -2: /Volumes/work/tazbeet/test/home_screen_controller_test.dart: HomeScreenController setCategory should update selectedCategoryId                                                           00:47 +17 -2: /Volumes/work/tazbeet/test/home_screen_controller_test.dart: HomeScreenController setCategory should update selectedCategoryId                                                           00:47 +17 -2: /Volumes/work/tazbeet/test/home_screen_controller_test.dart: HomeScreenController toggleCalendar should flip showCalendar value                                                          00:47 +17 -3: /Volumes/work/tazbeet/test/home_screen_controller_test.dart: HomeScreenController toggleCalendar should flip showCalendar value [E]                                                      
  Expected: true
    Actual: <false>
  
  package:matcher                                     expect
  package:flutter_test/src/widget_tester.dart 474:18  expect
  test/home_screen_controller_test.dart 43:7          main.<fn>.<fn>
  

To run this test again: /Users/ahmed/development/flutter/bin/cache/dart-sdk/bin/dart test /Volumes/work/tazbeet/test/home_screen_controller_test.dart -p vm --plain-name 'HomeScreenController toggleCalendar should flip showCalendar value'
00:47 +17 -3: /Volumes/work/tazbeet/test/home_screen_controller_test.dart: HomeScreenController ValueNotifiers should notify listeners on change                                                       00:47 +18 -3: /Volumes/work/tazbeet/test/home_screen_controller_test.dart: HomeScreenController ValueNotifiers should notify listeners on change                                                       00:47 +18 -3: Some tests failed.                                                                                                                                                                       
